2026-03-06 14:13:38.068467: I tensorflow/core/util/port.cc:153] oneDNN custom operations are on. You may see slightly different numerical results due to floating-point round-off errors from different computation orders. To turn them off, set the environment variable `TF_ENABLE_ONEDNN_OPTS=0`.
2026-03-06 14:13:48.175766: I tensorflow/core/util/port.cc:153] oneDNN custom operations are on. You may see slightly different numerical results due to floating-point round-off errors from different computation orders. To turn them off, set the environment variable `TF_ENABLE_ONEDNN_OPTS=0`.
Node 1 starting. Dataset: MNIST. Model: BATCHED MLP (784-128-10)
Fixed-point scale: 65536, softmax temperature: 2.0, grad clip: 0.5, logit clip: 4.0, grad mode: secure_approx
Node 1 server started on port 9961
[SUCCESS] Node 1 connected to node 2 at localhost:9962
DEBUG: Node 1 spawned handle_client thread: Thread-2 (_handle_client)DEBUG: Node 1 accepted connection from ('127.0.0.1', 53387)

DEBUG: Node 1 received SYNC packet from 3
DEBUG: Node 1 added sync from 3 for tag 'startup'. Current set: {3}
DEBUG: Node 1 accepted connection from ('127.0.0.1', 53388)
DEBUG: Node 1 spawned handle_client thread: Thread-3 (_handle_client)
[SUCCESS] Node 1 connected to node 3 at localhost:9963

======================================================================
Connection Summary for Node 1:
======================================================================
[SUCCESS] Connected to 2 node(s): [2, 3]
======================================================================

Waiting for network barrier...
DEBUG: Node 1 received SYNC packet from 2
DEBUG: Node 1 added sync from 2 for tag 'startup'. Current set: {2, 3}
DEBUG: Node 1 barrier 'startup' passed. Got: {2, 3}
Network ready.
Node 1: waiting for dataset shares from external sender node_id=0. This node will not load raw MNIST.
DEBUG: Node 1 accepted connection from ('127.0.0.1', 53393)
DEBUG: Node 1 spawned handle_client thread: Thread-4 (_handle_client)
Node received train share sample 1/8 from source 0
Node received test share sample 1/8 from source 0
DEBUG: Node 1 received SYNC packet from 2
DEBUG: Node 1 added sync from 2 for tag 'dataset_distributed_v1'. Current set: {2}
DEBUG: Node 1 received SYNC packet from 3
DEBUG: Node 1 added sync from 3 for tag 'dataset_distributed_v1'. Current set: {2, 3}
DEBUG: Node 1 barrier 'dataset_distributed_v1' passed. Got: {2, 3}
Node 1: dataset shares received (train=8, test=8).
Dataset Share Prep Time: 0.992382s

Starting BATCHED Training...
Epoch 1 Batch 1 (4 samples)...DEBUG e0_b0_fwd_relu1: n_size=512, Y1=[1147436943203623664 1301716178684236629 1890889849833300754], Y2=[1325404401003506275  876856225700825250  555480848649814083], A=[   6821840430294416 1661712183257250856 2020574359211080605], B=[1385218532701028871 2025978892443197512 1406980881117059724], C=[2304219320787921200  959805846197639002  877850860389190820], d=[1603806260308104535 1893135637509333588 1855945255342144496], e=[1651133068544513123 1800429418736128899 2286389155786769006], Res=[1076732064670069563 1441479510677287650  503546234903279719]
DEBUG BATCH 1 IS_POS RECON: [1, 1, 1, 1, 0]
DEBUG BATCH 1 A1: [0.026031494140625, 0.0546112060546875, 0.8443145751953125, 0.0969085693359375, 0.0, 0.0, 0.3919219970703125, 0.0, 0.0, 0.5538787841796875]
Epoch 1 Batch 1 completed in 4.65s
Epoch 1 Batch 2 (4 samples)...Epoch 1 Batch 2 completed in 2.16s
Epoch 1 Complete.
Training Time: 6.825183s
Prover Node: 3
Prover Time: 0.000000s
[SUCCESS] Node 1 connected to node 0 at localhost:9960
Client Eval Upload Time: 0.922267s
