======================================================================
SENTRA Node 2 Starting
======================================================================
Node ID: 2
Total nodes: 3
Privacy threshold (t): 1
Adversarial limit (s): 1
Dataset mode: mnist
Safety check: 2*(t+s-1) = 2 < n_nodes = 3 ✓
Network: Enabled
Node configs: {1: {'host': 'localhost', 'port': 8001}, 2: {'host': 'localhost', 'port': 8002}, 3: {'host': 'localhost', 'port': 8003}}
======================================================================
Node 2 server started on port 8002
✓ Node 2 connected to node 1 at localhost:8001
✗ Error connecting to node 3: [Errno 111] Connection refused
✗ Error connecting to node 3: [Errno 111] Connection refused
✓ Node 2 connected to node 3 at localhost:8003

======================================================================
Connection Summary for Node 2:
======================================================================
✓ Connected to 2 node(s): [1, 3]
======================================================================

Node 2: Started failure detection (interval=2.0s, timeout=6.0s)

Node 2: Starting training...
Dataset: 128 samples, 64 features
Model: [(64, 16), (16, 1)]
Multi-Node Mode: ENABLED
----------------------------------------------------------------------
============================================================
SENTRA ML Training Pipeline
============================================================
Nodes: 3, Threshold: 1, Adversarial limit: 1
Batch size: 8, Learning rate: 0.01
Epochs: 1
Node ID: 2
Multi-Node: Enabled (Network communication active)
============================================================

[Step 1] Ingesting and secret-sharing dataset...
Ingested 128 samples with version v_D=1

[Step 2] Initializing and secret-sharing weights...
Initialized weights with version v_theta=1

[Step 3] Starting training loop...

--- Epoch 1/1 ---
Committed mini-batch [41, 0, 97, 6, 64, 30, 5, 51], v_theta=2
  Batch 1/16: [OK] Committed
Node 2: Detected 1 failed node(s): {3}
Node 2: Handling 1 node failure(s), n_active=2
Node 2: Safety bound violated (n_active=2), triggering resharing
Committed mini-batch [120, 57, 103, 49, 110, 7, 91, 62], v_theta=3
  Batch 2/16: [OK] Committed
Committed mini-batch [67, 24, 16, 44, 95, 22, 98, 99], v_theta=4
  Batch 3/16: [OK] Committed
Committed mini-batch [43, 26, 73, 121, 31, 111, 95, 79], v_theta=5
  Batch 4/16: [OK] Committed
Committed mini-batch [117, 124, 11, 66, 26, 98, 103, 113], v_theta=6
  Batch 5/16: [OK] Committed
Committed mini-batch [126, 54, 12, 84, 98, 100, 60, 6], v_theta=7
  Batch 6/16: [OK] Committed
Committed mini-batch [103, 69, 18, 78, 90, 122, 86, 71], v_theta=8
  Batch 7/16: [OK] Committed
Committed mini-batch [70, 11, 59, 32, 92, 78, 48, 23], v_theta=9
  Batch 8/16: [OK] Committed
Committed mini-batch [38, 18, 83, 93, 87, 11, 95, 84], v_theta=10
  Batch 9/16: [OK] Committed
Committed mini-batch [123, 124, 61, 109, 46, 45, 97, 11], v_theta=11
  Batch 10/16: [OK] Committed
Committed mini-batch [127, 9, 57, 91, 4, 44, 51, 42], v_theta=12
  Batch 11/16: [OK] Committed
Committed mini-batch [41, 36, 47, 15, 109, 119, 112, 32], v_theta=13
  Batch 12/16: [OK] Committed
Committed mini-batch [86, 53, 123, 108, 23, 21, 107, 77], v_theta=14
  Batch 13/16: [OK] Committed
Committed mini-batch [97, 33, 10, 82, 84, 31, 108, 113], v_theta=15
  Batch 14/16: [OK] Committed
Committed mini-batch [65, 53, 75, 102, 63, 4, 87, 80], v_theta=16
  Batch 15/16: [OK] Committed
Committed mini-batch [107, 47, 93, 22, 48, 114, 96, 60], v_theta=17
  Batch 16/16: [OK] Committed
Epoch 1 completed, model version: v_theta=17

============================================================
Training completed!
============================================================

======================================================================
Node 2 Final Status:
======================================================================
Multi-Node: ENABLED
Connected nodes: 2 out of 2 possible
✓ Running in true multi-party mode
======================================================================

======================================================================
Node 2: Training completed successfully!
======================================================================
