======================================================================
SENTRA Node 1 Starting
======================================================================
Node ID: 1
Total nodes: 3
Privacy threshold (t): 1
Adversarial limit (s): 1
Dataset mode: mnist
Safety check: 2*(t+s-1) = 2 < n_nodes = 3 ✓
Network: Enabled
Node configs: {1: {'host': 'localhost', 'port': 8001}, 2: {'host': 'localhost', 'port': 8002}, 3: {'host': 'localhost', 'port': 8003}}
======================================================================
Node 1 server started on port 8001
✗ Error connecting to node 2: [Errno 111] Connection refused
✗ Error connecting to node 3: [Errno 111] Connection refused
✓ Node 1 connected to node 2 at localhost:8002
✗ Error connecting to node 3: [Errno 111] Connection refused
✗ Error connecting to node 3: [Errno 111] Connection refused
✗ Error connecting to node 3: [Errno 111] Connection refused
✓ Node 1 connected to node 3 at localhost:8003

======================================================================
Connection Summary for Node 1:
======================================================================
✓ Connected to 2 node(s): [2, 3]
======================================================================

Node 1: Started failure detection (interval=2.0s, timeout=6.0s)

Node 1: Starting training...
Dataset: 128 samples, 64 features
Model: [(64, 16), (16, 1)]
Multi-Node Mode: ENABLED
----------------------------------------------------------------------
============================================================
SENTRA ML Training Pipeline
============================================================
Nodes: 3, Threshold: 1, Adversarial limit: 1
Batch size: 8, Learning rate: 0.01
Epochs: 1
Node ID: 1
Multi-Node: Enabled (Network communication active)
============================================================

[Step 1] Ingesting and secret-sharing dataset...
Ingested 128 samples with version v_D=1

[Step 2] Initializing and secret-sharing weights...
Initialized weights with version v_theta=1

[Step 3] Starting training loop...

--- Epoch 1/1 ---
Committed mini-batch [18, 40, 10, 97, 29, 35, 2, 105], v_theta=2
  Batch 1/16: [OK] Committed
Node 1: Detected 1 failed node(s): {3}
Node 1: Handling 1 node failure(s), n_active=2
Node 1: Safety bound violated (n_active=2), triggering resharing
Committed mini-batch [114, 88, 121, 52, 127, 21, 41, 63], v_theta=3
  Batch 2/16: [OK] Committed
Committed mini-batch [44, 53, 93, 33, 56, 38, 60, 125], v_theta=4
  Batch 3/16: [OK] Committed
Committed mini-batch [13, 36, 117, 107, 111, 20, 109, 113], v_theta=5
  Batch 4/16: [OK] Committed
Committed mini-batch [54, 2, 64, 45, 25, 28, 10, 124], v_theta=6
  Batch 5/16: [OK] Committed
Committed mini-batch [75, 23, 58, 45, 10, 81, 96, 49], v_theta=7
  Batch 6/16: [OK] Committed
Committed mini-batch [122, 125, 88, 56, 106, 34, 97, 59], v_theta=8
  Batch 7/16: [OK] Committed
Committed mini-batch [51, 24, 65, 17, 56, 69, 4, 35], v_theta=9
  Batch 8/16: [OK] Committed
Committed mini-batch [42, 69, 74, 22, 66, 101, 47, 24], v_theta=10
  Batch 9/16: [OK] Committed
Committed mini-batch [106, 71, 57, 49, 126, 116, 50, 102], v_theta=11
  Batch 10/16: [OK] Committed
Committed mini-batch [105, 123, 47, 75, 69, 39, 5, 86], v_theta=12
  Batch 11/16: [OK] Committed
Committed mini-batch [99, 64, 120, 103, 30, 32, 14, 72], v_theta=13
  Batch 12/16: [OK] Committed
Committed mini-batch [93, 63, 20, 22, 125, 106, 25, 52], v_theta=14
  Batch 13/16: [OK] Committed
Committed mini-batch [101, 116, 56, 104, 20, 113, 6, 78], v_theta=15
  Batch 14/16: [OK] Committed
Committed mini-batch [106, 8, 10, 109, 34, 77, 74, 95], v_theta=16
  Batch 15/16: [OK] Committed
Committed mini-batch [89, 44, 42, 34, 57, 10, 102, 40], v_theta=17
  Batch 16/16: [OK] Committed
Epoch 1 completed, model version: v_theta=17

============================================================
Training completed!
============================================================

======================================================================
Node 1 Final Status:
======================================================================
Multi-Node: ENABLED
Connected nodes: 2 out of 2 possible
✓ Running in true multi-party mode
======================================================================

======================================================================
Node 1: Training completed successfully!
======================================================================
