======================================================================
SENTRA Node 3 Starting
======================================================================
Node ID: 3
Total nodes: 3
Privacy threshold (t): 1
Adversarial limit (s): 1
Dataset mode: mnist
Safety check: 2*(t+s-1) = 2 < n_nodes = 3 ✓
Network: Enabled
Node configs: {1: {'host': 'localhost', 'port': 8001}, 2: {'host': 'localhost', 'port': 8002}, 3: {'host': 'localhost', 'port': 8003}}
======================================================================
Node 3 server started on port 8003

======================================================================
Connection Summary for Node 3:
======================================================================
✓ Connected to 2 node(s): [1, 2]
======================================================================

Node 3: Started failure detection (interval=2.0s, timeout=6.0s)

Node 3: Starting training...
Dataset: 128 samples, 64 features
Model: [(64, 16), (16, 1)]
Multi-Node Mode: ENABLED
----------------------------------------------------------------------
============================================================
SENTRA ML Training Pipeline
============================================================
Nodes: 3, Threshold: 1, Adversarial limit: 1
Batch size: 8, Learning rate: 0.01
Epochs: 1
Node ID: 3
Multi-Node: Enabled (Network communication active)
============================================================

[Step 1] Ingesting and secret-sharing dataset...
Ingested 128 samples with version v_D=1

[Step 2] Initializing and secret-sharing weights...
Initialized weights with version v_theta=1

[Step 3] Starting training loop...

--- Epoch 1/1 ---
Committed mini-batch [67, 16, 2, 58, 1, 34, 72, 7], v_theta=2
  Batch 1/16: [OK] Committed
Node 3: Detected 2 failed node(s): {1, 2}
Node 3: Handling 2 node failure(s), n_active=1
Node 3: Safety bound violated (n_active=1), triggering resharing
Committed mini-batch [1, 23, 22, 84, 52, 27, 69, 93], v_theta=3
  Batch 2/16: [OK] Committed
Committed mini-batch [37, 111, 125, 30, 91, 57, 52, 104], v_theta=4
  Batch 3/16: [OK] Committed
Committed mini-batch [108, 21, 77, 116, 65, 32, 48, 52], v_theta=5
  Batch 4/16: [OK] Committed
Committed mini-batch [59, 2, 32, 9, 121, 64, 30, 112], v_theta=6
  Batch 5/16: [OK] Committed
Committed mini-batch [56, 1, 33, 82, 67, 23, 114, 42], v_theta=7
  Batch 6/16: [OK] Committed
Committed mini-batch [103, 56, 37, 92, 11, 23, 41, 124], v_theta=8
  Batch 7/16: [OK] Committed
Committed mini-batch [13, 11, 18, 123, 110, 39, 81, 89], v_theta=9
  Batch 8/16: [OK] Committed
Committed mini-batch [4, 70, 59, 120, 28, 125, 63, 60], v_theta=10
  Batch 9/16: [OK] Committed
Committed mini-batch [8, 119, 27, 120, 62, 24, 28, 31], v_theta=11
  Batch 10/16: [OK] Committed
Committed mini-batch [42, 106, 41, 117, 100, 81, 70, 55], v_theta=12
  Batch 11/16: [OK] Committed
Committed mini-batch [82, 45, 101, 52, 117, 61, 26, 29], v_theta=13
  Batch 12/16: [OK] Committed
Committed mini-batch [38, 48, 72, 121, 23, 4, 101, 53], v_theta=14
  Batch 13/16: [OK] Committed
Committed mini-batch [92, 90, 30, 43, 36, 84, 66, 2], v_theta=15
  Batch 14/16: [OK] Committed
Committed mini-batch [39, 102, 74, 104, 51, 30, 15, 127], v_theta=16
  Batch 15/16: [OK] Committed
Committed mini-batch [37, 66, 104, 5, 44, 102, 24, 90], v_theta=17
  Batch 16/16: [OK] Committed
Epoch 1 completed, model version: v_theta=17

============================================================
Training completed!
============================================================

======================================================================
Node 3 Final Status:
======================================================================
Multi-Node: ENABLED
Connected nodes: 2 out of 2 possible
✓ Running in true multi-party mode
======================================================================

======================================================================
Node 3: Training completed successfully!
======================================================================
