======================================================================
SENTRA Node 2 Starting
======================================================================
Node ID: 2
Total nodes: 3
Privacy threshold (t): 1
Adversarial limit (s): 1
Dataset mode: mnist
Safety check: 2*(t+s-1) = 2 < n_nodes = 3 ✓
Network: Enabled
Node configs: {1: {'host': 'localhost', 'port': 8001}, 2: {'host': 'localhost', 'port': 8002}, 3: {'host': 'localhost', 'port': 8003}}
======================================================================
Node 2 server started on port 8002
✓ Node 2 connected to node 1 at localhost:8001
✗ Error connecting to node 3: [Errno 111] Connection refused
✗ Error connecting to node 3: [Errno 111] Connection refused
✓ Node 2 connected to node 3 at localhost:8003

======================================================================
Connection Summary for Node 2:
======================================================================
✓ Connected to 2 node(s): [1, 3]
======================================================================

Node 2: Started failure detection (interval=2.0s, timeout=6.0s)

Node 2: Starting training...
Dataset: 128 samples, 64 features
Model: [(64, 16), (16, 10)]
Multi-Node Mode: ENABLED
----------------------------------------------------------------------
============================================================
SENTRA ML Training Pipeline
============================================================
Nodes: 3, Threshold: 1, Adversarial limit: 1
Batch size: 8, Learning rate: 0.01
Epochs: 1
Node ID: 2
Multi-Node: Enabled (Network communication active)
============================================================

[Step 1] Ingesting and secret-sharing dataset...
Ingested 128 samples with version v_D=1

[Step 2] Initializing and secret-sharing weights...
Initialized weights with version v_theta=1

[Step 3] Starting training loop...

--- Epoch 1/1 ---
Committed mini-batch [41, 85, 110, 20, 45, 42, 114, 32], v_theta=2
  Batch 1/16: [OK] Committed
Committed mini-batch [84, 61, 102, 125, 47, 20, 48, 88], v_theta=3
  Batch 2/16: [OK] Committed
Committed mini-batch [103, 17, 110, 98, 43, 42, 52, 29], v_theta=4
  Batch 3/16: [OK] Committed
Committed mini-batch [113, 81, 7, 110, 103, 43, 63, 109], v_theta=5
  Batch 4/16: [OK] Committed
Committed mini-batch [29, 115, 92, 60, 84, 53, 79, 61], v_theta=6
  Batch 5/16: [OK] Committed
Committed mini-batch [72, 63, 47, 35, 107, 18, 54, 59], v_theta=7
  Batch 6/16: [OK] Committed
Committed mini-batch [93, 112, 9, 59, 43, 61, 51, 37], v_theta=8
  Batch 7/16: [OK] Committed
Committed mini-batch [111, 101, 78, 14, 59, 71, 15, 42], v_theta=9
  Batch 8/16: [OK] Committed
Committed mini-batch [1, 78, 72, 94, 95, 98, 119, 47], v_theta=10
  Batch 9/16: [OK] Committed
Committed mini-batch [47, 34, 59, 80, 9, 39, 10, 126], v_theta=11
  Batch 10/16: [OK] Committed
Committed mini-batch [8, 66, 48, 19, 26, 52, 87, 17], v_theta=12
  Batch 11/16: [OK] Committed
Committed mini-batch [127, 115, 96, 103, 101, 87, 116, 68], v_theta=13
  Batch 12/16: [OK] Committed
Committed mini-batch [53, 73, 11, 70, 29, 52, 71, 76], v_theta=14
  Batch 13/16: [OK] Committed
Committed mini-batch [17, 1, 122, 92, 78, 97, 99, 63], v_theta=15
  Batch 14/16: [OK] Committed
Committed mini-batch [12, 64, 26, 79, 53, 116, 91, 100], v_theta=16
  Batch 15/16: [OK] Committed
Committed mini-batch [79, 42, 1, 94, 47, 84, 16, 127], v_theta=17
  Batch 16/16: [OK] Committed
Epoch 1 completed, model version: v_theta=17

============================================================
Training completed!
============================================================

======================================================================
Node 2 Final Status:
======================================================================
Multi-Node: ENABLED
Connected nodes: 2 out of 2 possible
✓ Running in true multi-party mode
======================================================================

======================================================================
Node 2: Training completed successfully!
======================================================================
