======================================================================
SENTRA Node 1 Starting
======================================================================
Node ID: 1
Total nodes: 3
Privacy threshold (t): 1
Adversarial limit (s): 1
Dataset mode: mnist
Safety check: 2*(t+s-1) = 2 < n_nodes = 3 ✓
Network: Enabled
Node configs: {1: {'host': 'localhost', 'port': 8001}, 2: {'host': 'localhost', 'port': 8002}, 3: {'host': 'localhost', 'port': 8003}}
======================================================================
Node 1 server started on port 8001
✗ Error connecting to node 2: [Errno 111] Connection refused
✗ Error connecting to node 3: [Errno 111] Connection refused
✓ Node 1 connected to node 2 at localhost:8002
✗ Error connecting to node 3: [Errno 111] Connection refused
✗ Error connecting to node 3: [Errno 111] Connection refused
✗ Error connecting to node 3: [Errno 111] Connection refused
✓ Node 1 connected to node 3 at localhost:8003

======================================================================
Connection Summary for Node 1:
======================================================================
✓ Connected to 2 node(s): [2, 3]
======================================================================

Node 1: Started failure detection (interval=2.0s, timeout=6.0s)

Node 1: Starting training...
Dataset: 128 samples, 64 features
Model: [(64, 16), (16, 10)]
Multi-Node Mode: ENABLED
----------------------------------------------------------------------
============================================================
SENTRA ML Training Pipeline
============================================================
Nodes: 3, Threshold: 1, Adversarial limit: 1
Batch size: 8, Learning rate: 0.01
Epochs: 1
Node ID: 1
Multi-Node: Enabled (Network communication active)
============================================================

[Step 1] Ingesting and secret-sharing dataset...
Ingested 128 samples with version v_D=1

[Step 2] Initializing and secret-sharing weights...
Initialized weights with version v_theta=1

[Step 3] Starting training loop...

--- Epoch 1/1 ---
Committed mini-batch [52, 16, 1, 104, 102, 49, 69, 31], v_theta=2
  Batch 1/16: [OK] Committed
Committed mini-batch [2, 120, 25, 108, 14, 100, 121, 63], v_theta=3
  Batch 2/16: [OK] Committed
Committed mini-batch [67, 84, 49, 89, 15, 82, 72, 105], v_theta=4
  Batch 3/16: [OK] Committed
Committed mini-batch [25, 78, 14, 59, 121, 12, 87, 116], v_theta=5
  Batch 4/16: [OK] Committed
Committed mini-batch [122, 53, 72, 16, 20, 80, 66, 47], v_theta=6
  Batch 5/16: [OK] Committed
Committed mini-batch [31, 22, 26, 18, 43, 62, 82, 72], v_theta=7
  Batch 6/16: [OK] Committed
Committed mini-batch [84, 113, 54, 116, 7, 41, 107, 23], v_theta=8
  Batch 7/16: [OK] Committed
Committed mini-batch [59, 30, 42, 61, 112, 33, 40, 3], v_theta=9
  Batch 8/16: [OK] Committed
Committed mini-batch [93, 54, 115, 109, 64, 122, 126, 14], v_theta=10
  Batch 9/16: [OK] Committed
Committed mini-batch [0, 87, 42, 14, 96, 70, 126, 71], v_theta=11
  Batch 10/16: [OK] Committed
Committed mini-batch [89, 25, 0, 21, 59, 93, 110, 51], v_theta=12
  Batch 11/16: [OK] Committed
Committed mini-batch [108, 20, 25, 70, 81, 29, 88, 103], v_theta=13
  Batch 12/16: [OK] Committed
Committed mini-batch [45, 6, 85, 67, 2, 23, 82, 39], v_theta=14
  Batch 13/16: [OK] Committed
Committed mini-batch [76, 74, 64, 44, 124, 69, 100, 2], v_theta=15
  Batch 14/16: [OK] Committed
Committed mini-batch [46, 113, 17, 63, 120, 55, 14, 39], v_theta=16
  Batch 15/16: [OK] Committed
Committed mini-batch [117, 87, 107, 122, 108, 60, 15, 13], v_theta=17
  Batch 16/16: [OK] Committed
Epoch 1 completed, model version: v_theta=17

============================================================
Training completed!
============================================================

======================================================================
Node 1 Final Status:
======================================================================
Multi-Node: ENABLED
Connected nodes: 2 out of 2 possible
✓ Running in true multi-party mode
======================================================================

======================================================================
Node 1: Training completed successfully!
======================================================================
