======================================================================
SENTRA Node 3 Starting
======================================================================
Node ID: 3
Total nodes: 3
Privacy threshold (t): 1
Adversarial limit (s): 1
Dataset mode: mnist
Safety check: 2*(t+s-1) = 2 < n_nodes = 3 ✓
Network: Enabled
Node configs: {1: {'host': 'localhost', 'port': 8001}, 2: {'host': 'localhost', 'port': 8002}, 3: {'host': 'localhost', 'port': 8003}}
======================================================================
Node 3 server started on port 8003

======================================================================
Connection Summary for Node 3:
======================================================================
✓ Connected to 2 node(s): [1, 2]
======================================================================

Node 3: Started failure detection (interval=2.0s, timeout=6.0s)

Node 3: Starting training...
Dataset: 128 samples, 64 features
Model: [(64, 16), (16, 1)]
Multi-Node Mode: ENABLED
----------------------------------------------------------------------
============================================================
SENTRA ML Training Pipeline
============================================================
Nodes: 3, Threshold: 1, Adversarial limit: 1
Batch size: 8, Learning rate: 0.01
Epochs: 1
Node ID: 3
Multi-Node: Enabled (Network communication active)
============================================================

[Step 1] Ingesting and secret-sharing dataset...
Ingested 128 samples with version v_D=1

[Step 2] Initializing and secret-sharing weights...
Initialized weights with version v_theta=1

[Step 3] Starting training loop...

--- Epoch 1/1 ---
Committed mini-batch [41, 82, 116, 67, 75, 5, 17, 69], v_theta=2
  Batch 1/16: [OK] Committed
Node 3: Detected 2 failed node(s): {1, 2}
Node 3: Handling 2 node failure(s), n_active=1
Node 3: Safety bound violated (n_active=1), triggering resharing
Committed mini-batch [39, 94, 30, 43, 86, 34, 72, 18], v_theta=3
  Batch 2/16: [OK] Committed
Committed mini-batch [25, 86, 122, 63, 112, 106, 49, 32], v_theta=4
  Batch 3/16: [OK] Committed
Committed mini-batch [116, 31, 22, 101, 118, 46, 79, 48], v_theta=5
  Batch 4/16: [OK] Committed
Committed mini-batch [57, 23, 103, 38, 107, 79, 30, 120], v_theta=6
  Batch 5/16: [OK] Committed
Committed mini-batch [76, 36, 83, 63, 124, 116, 67, 18], v_theta=7
  Batch 6/16: [OK] Committed
Committed mini-batch [98, 48, 39, 59, 75, 121, 58, 83], v_theta=8
  Batch 7/16: [OK] Committed
Committed mini-batch [108, 36, 120, 62, 42, 54, 57, 107], v_theta=9
  Batch 8/16: [OK] Committed
Committed mini-batch [26, 113, 62, 77, 106, 23, 71, 60], v_theta=10
  Batch 9/16: [OK] Committed
Committed mini-batch [15, 95, 117, 80, 77, 0, 69, 11], v_theta=11
  Batch 10/16: [OK] Committed
Committed mini-batch [104, 100, 123, 54, 30, 120, 50, 9], v_theta=12
  Batch 11/16: [OK] Committed
Committed mini-batch [1, 95, 116, 94, 31, 62, 63, 55], v_theta=13
  Batch 12/16: [OK] Committed
Committed mini-batch [37, 18, 60, 54, 51, 87, 112, 76], v_theta=14
  Batch 13/16: [OK] Committed
Committed mini-batch [123, 47, 14, 3, 62, 127, 96, 110], v_theta=15
  Batch 14/16: [OK] Committed
Committed mini-batch [117, 79, 64, 115, 74, 84, 94, 71], v_theta=16
  Batch 15/16: [OK] Committed
Committed mini-batch [120, 16, 30, 37, 106, 80, 11, 111], v_theta=17
  Batch 16/16: [OK] Committed
Epoch 1 completed, model version: v_theta=17

============================================================
Training completed!
============================================================

======================================================================
Node 3 Final Status:
======================================================================
Multi-Node: ENABLED
Connected nodes: 2 out of 2 possible
✓ Running in true multi-party mode
======================================================================

======================================================================
Node 3: Training completed successfully!
======================================================================
Error handling client: [Errno 104] Connection reset by peer
