======================================================================
SENTRA Node 2 Starting
======================================================================
Node ID: 2
Total nodes: 3
Privacy threshold (t): 1
Adversarial limit (s): 1
Dataset mode: mnist
Safety check: 2*(t+s-1) = 2 < n_nodes = 3 ✓
Network: Enabled
Node configs: {1: {'host': 'localhost', 'port': 8001}, 2: {'host': 'localhost', 'port': 8002}, 3: {'host': 'localhost', 'port': 8003}}
======================================================================
Node 2 server started on port 8002
✓ Node 2 connected to node 1 at localhost:8001
✗ Error connecting to node 3: [Errno 111] Connection refused
✗ Error connecting to node 3: [Errno 111] Connection refused
✓ Node 2 connected to node 3 at localhost:8003

======================================================================
Connection Summary for Node 2:
======================================================================
✓ Connected to 2 node(s): [1, 3]
======================================================================

Node 2: Started failure detection (interval=2.0s, timeout=6.0s)

Node 2: Starting training...
Dataset: 128 samples, 64 features
Model: [(64, 16), (16, 1)]
Multi-Node Mode: ENABLED
----------------------------------------------------------------------
============================================================
SENTRA ML Training Pipeline
============================================================
Nodes: 3, Threshold: 1, Adversarial limit: 1
Batch size: 8, Learning rate: 0.01
Epochs: 1
Node ID: 2
Multi-Node: Enabled (Network communication active)
============================================================

[Step 1] Ingesting and secret-sharing dataset...
Ingested 128 samples with version v_D=1

[Step 2] Initializing and secret-sharing weights...
Initialized weights with version v_theta=1

[Step 3] Starting training loop...

--- Epoch 1/1 ---
Committed mini-batch [59, 123, 106, 97, 71, 8, 54, 72], v_theta=2
  Batch 1/16: [OK] Committed
Node 2: Detected 1 failed node(s): {3}
Node 2: Handling 1 node failure(s), n_active=2
Node 2: Safety bound violated (n_active=2), triggering resharing
Committed mini-batch [115, 6, 82, 27, 98, 28, 68, 29], v_theta=3
  Batch 2/16: [OK] Committed
Committed mini-batch [124, 67, 36, 110, 88, 47, 8, 76], v_theta=4
  Batch 3/16: [OK] Committed
Committed mini-batch [100, 99, 16, 68, 0, 84, 48, 124], v_theta=5
  Batch 4/16: [OK] Committed
Committed mini-batch [53, 89, 16, 12, 110, 50, 107, 30], v_theta=6
  Batch 5/16: [OK] Committed
Committed mini-batch [38, 49, 40, 11, 77, 66, 123, 69], v_theta=7
  Batch 6/16: [OK] Committed
Committed mini-batch [25, 111, 76, 78, 26, 60, 107, 116], v_theta=8
  Batch 7/16: [OK] Committed
Committed mini-batch [49, 9, 101, 26, 39, 42, 16, 66], v_theta=9
  Batch 8/16: [OK] Committed
Committed mini-batch [40, 7, 36, 56, 98, 0, 55, 12], v_theta=10
  Batch 9/16: [OK] Committed
Committed mini-batch [89, 68, 0, 122, 84, 47, 74, 82], v_theta=11
  Batch 10/16: [OK] Committed
Committed mini-batch [25, 115, 2, 38, 123, 56, 62, 108], v_theta=12
  Batch 11/16: [OK] Committed
Committed mini-batch [2, 48, 4, 0, 14, 94, 103, 3], v_theta=13
  Batch 12/16: [OK] Committed
Committed mini-batch [52, 108, 58, 127, 119, 94, 71, 44], v_theta=14
  Batch 13/16: [OK] Committed
Committed mini-batch [31, 62, 109, 81, 12, 39, 65, 111], v_theta=15
  Batch 14/16: [OK] Committed
Committed mini-batch [95, 25, 74, 108, 63, 88, 53, 85], v_theta=16
  Batch 15/16: [OK] Committed
Committed mini-batch [15, 33, 107, 71, 18, 98, 47, 127], v_theta=17
  Batch 16/16: [OK] Committed
Epoch 1 completed, model version: v_theta=17

============================================================
Training completed!
============================================================

======================================================================
Node 2 Final Status:
======================================================================
Multi-Node: ENABLED
Connected nodes: 2 out of 2 possible
✓ Running in true multi-party mode
======================================================================

======================================================================
Node 2: Training completed successfully!
======================================================================
