2026-03-06 14:13:38.670902: I tensorflow/core/util/port.cc:153] oneDNN custom operations are on. You may see slightly different numerical results due to floating-point round-off errors from different computation orders. To turn them off, set the environment variable `TF_ENABLE_ONEDNN_OPTS=0`.
2026-03-06 14:13:48.175777: I tensorflow/core/util/port.cc:153] oneDNN custom operations are on. You may see slightly different numerical results due to floating-point round-off errors from different computation orders. To turn them off, set the environment variable `TF_ENABLE_ONEDNN_OPTS=0`.
Client 0: loaded MNIST train=8, test=8
Node 0 server started on port 9960
[SUCCESS] Node 0 connected to node 1 at localhost:9961
[SUCCESS] Node 0 connected to node 2 at localhost:9962
[SUCCESS] Node 0 connected to node 3 at localhost:9963

======================================================================
Connection Summary for Node 0:
======================================================================
[SUCCESS] Connected to 3 node(s): [1, 2, 3]
======================================================================

Client 0: distributed train sample 1/8
Client 0: distributed test sample 1/8
Client distribution complete: dataset shares sent to all nodes.
Client Distribution Time: 0.128166s
DEBUG: Node 0 accepted connection from ('127.0.0.1', 54805)DEBUG: Node 0 spawned handle_client thread: Thread-2 (_handle_client)

DEBUG: Node 0 spawned handle_client thread: Thread-3 (_handle_client)DEBUG: Node 0 accepted connection from ('127.0.0.1', 54806)

DEBUG: Node 0 accepted connection from ('127.0.0.1', 54807)
DEBUG: Node 0 spawned handle_client thread: Thread-4 (_handle_client)
DEBUG: Node 0 received SYNC packet from 3
DEBUG: Node 0 added sync from 3 for tag 'client_eval_final_done'. Current set: {3}
DEBUG: Node 0 received SYNC packet from 1
DEBUG: Node 0 added sync from 1 for tag 'client_eval_final_done'. Current set: {1, 3}
Client Final Accuracy (8 samples): 12.50%
Client Eval Time: 10.885957s
DEBUG: Node 0 received SYNC packet from 2
DEBUG: Node 0 added sync from 2 for tag 'client_eval_final_done'. Current set: {1, 2, 3}
DEBUG: Node 0 barrier 'client_eval_final_done' passed. Got: {1, 2, 3}
