2026-03-06 14:13:38.068516: I tensorflow/core/util/port.cc:153] oneDNN custom operations are on. You may see slightly different numerical results due to floating-point round-off errors from different computation orders. To turn them off, set the environment variable `TF_ENABLE_ONEDNN_OPTS=0`.
2026-03-06 14:13:48.175766: I tensorflow/core/util/port.cc:153] oneDNN custom operations are on. You may see slightly different numerical results due to floating-point round-off errors from different computation orders. To turn them off, set the environment variable `TF_ENABLE_ONEDNN_OPTS=0`.
Node 2 starting. Dataset: MNIST. Model: BATCHED MLP (784-128-10)
Fixed-point scale: 65536, softmax temperature: 2.0, grad clip: 0.5, logit clip: 4.0, grad mode: secure_approx
Node 2 server started on port 9962
[SUCCESS] Node 2 connected to node 1 at localhost:9961
DEBUG: Node 2 spawned handle_client thread: Thread-2 (_handle_client)
DEBUG: Node 2 accepted connection from ('127.0.0.1', 53386)
DEBUG: Node 2 received SYNC packet from 1
DEBUG: Node 2 added sync from 1 for tag 'startup'. Current set: {1}
DEBUG: Node 2 accepted connection from ('127.0.0.1', 53389)DEBUG: Node 2 spawned handle_client thread: Thread-3 (_handle_client)
DEBUG: Node 2 received SYNC packet from 3
DEBUG: Node 2 added sync from 3 for tag 'startup'. Current set: {1, 3}

[SUCCESS] Node 2 connected to node 3 at localhost:9963

======================================================================
Connection Summary for Node 2:
======================================================================
[SUCCESS] Connected to 2 node(s): [1, 3]
======================================================================

Waiting for network barrier...
DEBUG: Node 2 barrier 'startup' passed. Got: {1, 3}
Network ready.
Node 2: waiting for dataset shares from external sender node_id=0. This node will not load raw MNIST.
DEBUG: Node 2 accepted connection from ('127.0.0.1', 53394)DEBUG: Node 2 spawned handle_client thread: Thread-4 (_handle_client)

Node received train share sample 1/8 from source 0
Node received test share sample 1/8 from source 0
DEBUG: Node 2 received SYNC packet from 3
DEBUG: Node 2 added sync from 3 for tag 'dataset_distributed_v1'. Current set: {3}
DEBUG: Node 2 received SYNC packet from 1
DEBUG: Node 2 added sync from 1 for tag 'dataset_distributed_v1'. Current set: {1, 3}
DEBUG: Node 2 barrier 'dataset_distributed_v1' passed. Got: {1, 3}
Node 2: dataset shares received (train=8, test=8).
Dataset Share Prep Time: 1.077058s

Starting BATCHED Training...
Epoch 1 Batch 1 (4 samples)...DEBUG e0_b0_fwd_relu1: n_size=512, Y1=[2294873886407245622  297589348154775728 1475936690452852224], Y2=[ 344965792793318598 1753712451401650499 1110961697299628165], A=[1617449941168691661  604873985596443819 1285407955336862471], B=[2115727124732876913 1240701185195136020  488664899593500551], C=[1993313173346289342  632620780129848981 1347136324524488365], d=[1603806260308104535 1893135637509333588 1855945255342144496], e=[1651133068544513123 1800429418736128899 2286389155786769006], Res=[2153464129340137420  577116012140877770 1007092469806504105]
DEBUG BATCH 1 IS_POS RECON: [1, 1, 1, 1, 0]
DEBUG BATCH 1 A1: [0.026031494140625, 0.0546112060546875, 0.8443145751953125, 0.0969085693359375, 0.0, 0.0, 0.3919219970703125, 0.0, 0.0, 0.5538787841796875]
Epoch 1 Batch 1 completed in 4.60s
Epoch 1 Batch 2 (4 samples)...Epoch 1 Batch 2 completed in 2.21s
Epoch 1 Complete.
Training Time: 6.814156s
Prover Node: 3
Prover Time: 0.000000s
[SUCCESS] Node 2 connected to node 0 at localhost:9960
DEBUG: Node 2 received SYNC packet from 0
DEBUG: Node 2 added sync from 0 for tag 'client_eval_final_done'. Current set: {0}
Client Eval Upload Time: 0.932397s
